This is pdfTeX, Version 3.14159265-2.6-1.40.19 (MiKTeX 2.9.6730 64-bit) (preloaded format=pdflatex 2018.9.6)  5 JUL 2026 14:51
entering extended mode
**./report.tex
(report.tex
LaTeX2e <2018-04-01> patch level 5
("C:\Program Files\MiKTeX 2.9\tex\latex\base\article.cls"
Document Class: article 2014/09/29 v1.4h Standard LaTeX document class
("C:\Program Files\MiKTeX 2.9\tex\latex\base\size11.clo"
File: size11.clo 2014/09/29 v1.4h Standard LaTeX file (size option)
)
\c@part=\count80
\c@section=\count81
\c@subsection=\count82
\c@subsubsection=\count83
\c@paragraph=\count84
\c@subparagraph=\count85
\c@figure=\count86
\c@table=\count87
\abovecaptionskip=\skip41
\belowcaptionskip=\skip42
\bibindent=\dimen102
)
("C:\Program Files\MiKTeX 2.9\tex\latex\geometry\geometry.sty"
Package: geometry 2018/04/16 v5.8 Page Geometry

("C:\Program Files\MiKTeX 2.9\tex\latex\graphics\keyval.sty"
Package: keyval 2014/10/28 v1.15 key=value parser (DPC)
\KV@toks@=\toks14
)
("C:\Program Files\MiKTeX 2.9\tex\generic\oberdiek\ifpdf.sty"
Package: ifpdf 2017/03/15 v3.2 Provides the ifpdf switch
)
("C:\Program Files\MiKTeX 2.9\tex\generic\oberdiek\ifvtex.sty"
Package: ifvtex 2016/05/16 v1.6 Detect VTeX and its facilities (HO)
Package ifvtex Info: VTeX not detected.
)
("C:\Program Files\MiKTeX 2.9\tex\generic\ifxetex\ifxetex.sty"
Package: ifxetex 2010/09/12 v0.6 Provides ifxetex conditional
)
\Gm@cnth=\count88
\Gm@cntv=\count89
\c@Gm@tempcnt=\count90
\Gm@bindingoffset=\dimen103
\Gm@wd@mp=\dimen104
\Gm@odd@mp=\dimen105
\Gm@even@mp=\dimen106
\Gm@layoutwidth=\dimen107
\Gm@layoutheight=\dimen108
\Gm@layouthoffset=\dimen109
\Gm@layoutvoffset=\dimen110
\Gm@dimlist=\toks15

("C:\Program Files\MiKTeX 2.9\tex\latex\geometry\geometry.cfg"))
("C:\Program Files\MiKTeX 2.9\tex\latex\amsmath\amsmath.sty"
Package: amsmath 2017/09/02 v2.17a AMS math features
\@mathmargin=\skip43

For additional information on amsmath, use the `?' option.
("C:\Program Files\MiKTeX 2.9\tex\latex\amsmath\amstext.sty"
Package: amstext 2000/06/29 v2.01 AMS text

("C:\Program Files\MiKTeX 2.9\tex\latex\amsmath\amsgen.sty"
File: amsgen.sty 1999/11/30 v2.0 generic functions
\@emptytoks=\toks16
\ex@=\dimen111
))
("C:\Program Files\MiKTeX 2.9\tex\latex\amsmath\amsbsy.sty"
Package: amsbsy 1999/11/29 v1.2d Bold Symbols
\pmbraise@=\dimen112
)
("C:\Program Files\MiKTeX 2.9\tex\latex\amsmath\amsopn.sty"
Package: amsopn 2016/03/08 v2.02 operator names
)
\inf@bad=\count91
LaTeX Info: Redefining \frac on input line 213.
\uproot@=\count92
\leftroot@=\count93
LaTeX Info: Redefining \overline on input line 375.
\classnum@=\count94
\DOTSCASE@=\count95
LaTeX Info: Redefining \ldots on input line 472.
LaTeX Info: Redefining \dots on input line 475.
LaTeX Info: Redefining \cdots on input line 596.
\Mathstrutbox@=\box26
\strutbox@=\box27
\big@size=\dimen113
LaTeX Font Info:    Redeclaring font encoding OML on input line 712.
LaTeX Font Info:    Redeclaring font encoding OMS on input line 713.
\macc@depth=\count96
\c@MaxMatrixCols=\count97
\dotsspace@=\muskip10
\c@parentequation=\count98
\dspbrk@lvl=\count99
\tag@help=\toks17
\row@=\count100
\column@=\count101
\maxfields@=\count102
\andhelp@=\toks18
\eqnshift@=\dimen114
\alignsep@=\dimen115
\tagshift@=\dimen116
\tagwidth@=\dimen117
\totwidth@=\dimen118
\lineht@=\dimen119
\@envbody=\toks19
\multlinegap=\skip44
\multlinetaggap=\skip45
\mathdisplay@stack=\toks20
LaTeX Info: Redefining \[ on input line 2817.
LaTeX Info: Redefining \] on input line 2818.
)
("C:\Program Files\MiKTeX 2.9\tex\latex\amsfonts\amssymb.sty"
Package: amssymb 2013/01/14 v3.01 AMS font symbols

("C:\Program Files\MiKTeX 2.9\tex\latex\amsfonts\amsfonts.sty"
Package: amsfonts 2013/01/14 v3.01 Basic AMSFonts support
\symAMSa=\mathgroup4
\symAMSb=\mathgroup5
LaTeX Font Info:    Overwriting math alphabet `\mathfrak' in version `bold'
(Font)                  U/euf/m/n --> U/euf/b/n on input line 106.
))
("C:\Program Files\MiKTeX 2.9\tex\latex\booktabs\booktabs.sty"
Package: booktabs 2005/04/14 v1.61803 publication quality tables
\heavyrulewidth=\dimen120
\lightrulewidth=\dimen121
\cmidrulewidth=\dimen122
\belowrulesep=\dimen123
\belowbottomsep=\dimen124
\aboverulesep=\dimen125
\abovetopsep=\dimen126
\cmidrulesep=\dimen127
\cmidrulekern=\dimen128
\defaultaddspace=\dimen129
\@cmidla=\count103
\@cmidlb=\count104
\@aboverulesep=\dimen130
\@belowrulesep=\dimen131
\@thisruleclass=\count105
\@lastruleclass=\count106
\@thisrulewidth=\dimen132
)
("C:\Program Files\MiKTeX 2.9\tex\latex\graphics\graphicx.sty"
Package: graphicx 2017/06/01 v1.1a Enhanced LaTeX Graphics (DPC,SPQR)

("C:\Program Files\MiKTeX 2.9\tex\latex\graphics\graphics.sty"
Package: graphics 2017/06/25 v1.2c Standard LaTeX Graphics (DPC,SPQR)

("C:\Program Files\MiKTeX 2.9\tex\latex\graphics\trig.sty"
Package: trig 2016/01/03 v1.10 sin cos tan (DPC)
)
("C:\Program Files\MiKTeX 2.9\tex\latex\graphics-cfg\graphics.cfg"
File: graphics.cfg 2016/06/04 v1.11 sample graphics configuration
)
Package graphics Info: Driver file: pdftex.def on input line 99.

("C:\Program Files\MiKTeX 2.9\tex\latex\graphics-def\pdftex.def"
File: pdftex.def 2018/01/08 v1.0l Graphics/color driver for pdftex
))
\Gin@req@height=\dimen133
\Gin@req@width=\dimen134
)
("C:\Program Files\MiKTeX 2.9\tex\latex\hyperref\hyperref.sty"
Package: hyperref 2018/02/06 v6.86b Hypertext links for LaTeX

("C:\Program Files\MiKTeX 2.9\tex\generic\oberdiek\hobsub-hyperref.sty"
Package: hobsub-hyperref 2016/05/16 v1.14 Bundle oberdiek, subset hyperref (HO)


("C:\Program Files\MiKTeX 2.9\tex\generic\oberdiek\hobsub-generic.sty"
Package: hobsub-generic 2016/05/16 v1.14 Bundle oberdiek, subset generic (HO)
Package: hobsub 2016/05/16 v1.14 Construct package bundles (HO)
Package: infwarerr 2016/05/16 v1.4 Providing info/warning/error messages (HO)
Package: ltxcmds 2016/05/16 v1.23 LaTeX kernel commands for general use (HO)
Package: ifluatex 2016/05/16 v1.4 Provides the ifluatex switch (HO)
Package ifluatex Info: LuaTeX not detected.
Package hobsub Info: Skipping package `ifvtex' (already loaded).
Package: intcalc 2016/05/16 v1.2 Expandable calculations with integers (HO)
Package hobsub Info: Skipping package `ifpdf' (already loaded).
Package: etexcmds 2016/05/16 v1.6 Avoid name clashes with e-TeX commands (HO)
Package etexcmds Info: Could not find \expanded.
(etexcmds)             That can mean that you are not using pdfTeX 1.50 or
(etexcmds)             that some package has redefined \expanded.
(etexcmds)             In the latter case, load this package earlier.
Package: kvsetkeys 2016/05/16 v1.17 Key value parser (HO)
Package: kvdefinekeys 2016/05/16 v1.4 Define keys (HO)
Package: pdftexcmds 2018/01/30 v0.27 Utility functions of pdfTeX for LuaTeX (HO
)
Package pdftexcmds Info: LuaTeX not detected.
Package pdftexcmds Info: \pdf@primitive is available.
Package pdftexcmds Info: \pdf@ifprimitive is available.
Package pdftexcmds Info: \pdfdraftmode found.
Package: pdfescape 2016/05/16 v1.14 Implements pdfTeX's escape features (HO)
Package: bigintcalc 2016/05/16 v1.4 Expandable calculations on big integers (HO
)
Package: bitset 2016/05/16 v1.2 Handle bit-vector datatype (HO)
Package: uniquecounter 2016/05/16 v1.3 Provide unlimited unique counter (HO)
)
Package hobsub Info: Skipping package `hobsub' (already loaded).
Package: letltxmacro 2016/05/16 v1.5 Let assignment for LaTeX macros (HO)
Package: hopatch 2016/05/16 v1.3 Wrapper for package hooks (HO)
Package: xcolor-patch 2016/05/16 xcolor patch
Package: atveryend 2016/05/16 v1.9 Hooks at the very end of document (HO)
Package atveryend Info: \enddocument detected (standard20110627).
Package: atbegshi 2016/06/09 v1.18 At begin shipout hook (HO)
Package: refcount 2016/05/16 v3.5 Data extraction from label references (HO)
Package: hycolor 2016/05/16 v1.8 Color options for hyperref/bookmark (HO)
)
("C:\Program Files\MiKTeX 2.9\tex\latex\oberdiek\auxhook.sty"
Package: auxhook 2016/05/16 v1.4 Hooks for auxiliary files (HO)
)
("C:\Program Files\MiKTeX 2.9\tex\latex\oberdiek\kvoptions.sty"
Package: kvoptions 2016/05/16 v3.12 Key value format for package options (HO)
)
\@linkdim=\dimen135
\Hy@linkcounter=\count107
\Hy@pagecounter=\count108

("C:\Program Files\MiKTeX 2.9\tex\latex\hyperref\pd1enc.def"
File: pd1enc.def 2018/02/06 v6.86b Hyperref: PDFDocEncoding definition (HO)
Now handling font encoding PD1 ...
... no UTF-8 mapping file for font encoding PD1
)
\Hy@SavedSpaceFactor=\count109

("C:\Program Files\MiKTeX 2.9\tex\latex\00miktex\hyperref.cfg"
File: hyperref.cfg 2002/06/06 v1.2 hyperref configuration of TeXLive
)
Package hyperref Info: Hyper figures OFF on input line 4509.
Package hyperref Info: Link nesting OFF on input line 4514.
Package hyperref Info: Hyper index ON on input line 4517.
Package hyperref Info: Plain pages OFF on input line 4524.
Package hyperref Info: Backreferencing OFF on input line 4529.
Package hyperref Info: Implicit mode ON; LaTeX internals redefined.
Package hyperref Info: Bookmarks ON on input line 4762.
\c@Hy@tempcnt=\count110

("C:\Program Files\MiKTeX 2.9\tex\latex\url\url.sty"
\Urlmuskip=\muskip11
Package: url 2013/09/16  ver 3.4  Verb mode for urls, etc.
)
LaTeX Info: Redefining \url on input line 5115.
\XeTeXLinkMargin=\dimen136
\Fld@menulength=\count111
\Field@Width=\dimen137
\Fld@charsize=\dimen138
Package hyperref Info: Hyper figures OFF on input line 6369.
Package hyperref Info: Link nesting OFF on input line 6374.
Package hyperref Info: Hyper index ON on input line 6377.
Package hyperref Info: backreferencing OFF on input line 6384.
Package hyperref Info: Link coloring OFF on input line 6389.
Package hyperref Info: Link coloring with OCG OFF on input line 6394.
Package hyperref Info: PDF/A mode OFF on input line 6399.
LaTeX Info: Redefining \ref on input line 6439.
LaTeX Info: Redefining \pageref on input line 6443.
\Hy@abspage=\count112
\c@Item=\count113
\c@Hfootnote=\count114
)
Package hyperref Info: Driver (autodetected): hpdftex.

("C:\Program Files\MiKTeX 2.9\tex\latex\hyperref\hpdftex.def"
File: hpdftex.def 2018/02/06 v6.86b Hyperref driver for pdfTeX
\Fld@listcount=\count115
\c@bookmark@seq@number=\count116

("C:\Program Files\MiKTeX 2.9\tex\latex\oberdiek\rerunfilecheck.sty"
Package: rerunfilecheck 2016/05/16 v1.8 Rerun checks for auxiliary files (HO)
Package uniquecounter Info: New unique counter `rerunfilecheck' on input line 2
82.
)
\Hy@SectionHShift=\skip46
)
Package hyperref Info: Option `hypertexnames' set `false' on input line 8.

("C:\Program Files\MiKTeX 2.9\tex\latex\enumitem\enumitem.sty"
Package: enumitem 2011/09/28 v3.5.2 Customized lists
\labelindent=\skip47
\enit@outerparindent=\dimen139
\enit@toks=\toks21
\enit@inbox=\box28
\enitdp@description=\count117
)
("C:\Program Files\MiKTeX 2.9\tex\latex\tools\tabularx.sty"
Package: tabularx 2016/02/03 v2.11b `tabularx' package (DPC)

("C:\Program Files\MiKTeX 2.9\tex\latex\tools\array.sty"
Package: array 2018/04/30 v2.4h Tabular extension package (FMi)
\col@sep=\dimen140
\ar@mcellbox=\box29
\extrarowheight=\dimen141
\NC@list=\toks22
\extratabsurround=\skip48
\backup@length=\skip49
\ar@cellbox=\box30
)
\TX@col@width=\dimen142
\TX@old@table=\dimen143
\TX@old@col=\dimen144
\TX@target=\dimen145
\TX@delta=\dimen146
\TX@cols=\count118
\TX@ftn=\toks23
)
("C:\Program Files\MiKTeX 2.9\tex\latex\float\float.sty"
Package: float 2001/11/08 v1.3d Float enhancements (AL)
\c@float@type=\count119
\float@exts=\toks24
\float@box=\box31
\@float@everytoks=\toks25
\@floatcapt=\box32
)
(generated_quantities.tex) (report.aux)
\openout1 = `report.aux'.

LaTeX Font Info:    Checking defaults for OML/cmm/m/it on input line 24.
LaTeX Font Info:    ... okay on input line 24.
LaTeX Font Info:    Checking defaults for T1/cmr/m/n on input line 24.
LaTeX Font Info:    ... okay on input line 24.
LaTeX Font Info:    Checking defaults for OT1/cmr/m/n on input line 24.
LaTeX Font Info:    ... okay on input line 24.
LaTeX Font Info:    Checking defaults for OMS/cmsy/m/n on input line 24.
LaTeX Font Info:    ... okay on input line 24.
LaTeX Font Info:    Checking defaults for OMX/cmex/m/n on input line 24.
LaTeX Font Info:    ... okay on input line 24.
LaTeX Font Info:    Checking defaults for U/cmr/m/n on input line 24.
LaTeX Font Info:    ... okay on input line 24.
LaTeX Font Info:    Checking defaults for PD1/pdf/m/n on input line 24.
LaTeX Font Info:    ... okay on input line 24.

*geometry* driver: auto-detecting
*geometry* detected driver: pdftex
*geometry* verbose mode - [ preamble ] result:
* driver: pdftex
* paper: a4paper
* layout: <same size as paper>
* layoutoffset:(h,v)=(0.0pt,0.0pt)
* modes: 
* h-part:(L,W,R)=(72.26999pt, 452.9679pt, 72.26999pt)
* v-part:(T,H,B)=(72.26999pt, 700.50687pt, 72.26999pt)
* \paperwidth=597.50787pt
* \paperheight=845.04684pt
* \textwidth=452.9679pt
* \textheight=700.50687pt
* \oddsidemargin=0.0pt
* \evensidemargin=0.0pt
* \topmargin=-37.0pt
* \headheight=12.0pt
* \headsep=25.0pt
* \topskip=11.0pt
* \footskip=30.0pt
* \marginparwidth=50.0pt
* \marginparsep=10.0pt
* \columnsep=10.0pt
* \skip\footins=10.0pt plus 4.0pt minus 2.0pt
* \hoffset=0.0pt
* \voffset=0.0pt
* \mag=1000
* \@twocolumnfalse
* \@twosidefalse
* \@mparswitchfalse
* \@reversemarginfalse
* (1in=72.27pt=25.4mm, 1cm=28.453pt)

("C:\Program Files\MiKTeX 2.9\tex\context\base\supp-pdf.mkii"
[Loading MPS to PDF converter (version 2006.09.02).]
\scratchcounter=\count120
\scratchdimen=\dimen147
\scratchbox=\box33
\nofMPsegments=\count121
\nofMParguments=\count122
\everyMPshowfont=\toks26
\MPscratchCnt=\count123
\MPscratchDim=\dimen148
\MPnumerator=\count124
\makeMPintoPDFobject=\count125
\everyMPtoPDFconversion=\toks27
) ("C:\Program Files\MiKTeX 2.9\tex\latex\oberdiek\epstopdf-base.sty"
Package: epstopdf-base 2016/05/15 v2.6 Base part for package epstopdf

("C:\Program Files\MiKTeX 2.9\tex\latex\oberdiek\grfext.sty"
Package: grfext 2016/05/16 v1.2 Manage graphics extensions (HO)
)
Package epstopdf-base Info: Redefining graphics rule for `.eps' on input line 4
38.
Package grfext Info: Graphics extension search list:
(grfext)             [.pdf,.png,.jpg,.mps,.jpeg,.jbig2,.jb2,.PDF,.PNG,.JPG,.JPE
G,.JBIG2,.JB2,.eps]
(grfext)             \AppendGraphicsExtensions on input line 456.
)
\AtBeginShipoutBox=\box34
Package hyperref Info: Link coloring OFF on input line 24.

("C:\Program Files\MiKTeX 2.9\tex\latex\hyperref\nameref.sty"
Package: nameref 2016/05/21 v2.44 Cross-referencing by name of section

("C:\Program Files\MiKTeX 2.9\tex\generic\oberdiek\gettitlestring.sty"
Package: gettitlestring 2016/05/16 v1.5 Cleanup title references (HO)
)
\c@section@level=\count126
)
LaTeX Info: Redefining \ref on input line 24.
LaTeX Info: Redefining \pageref on input line 24.
LaTeX Info: Redefining \nameref on input line 24.

(report.out) (report.out)
\@outlinefile=\write3
\openout3 = `report.out'.

LaTeX Font Info:    Try loading font information for U+msa on input line 26.

("C:\Program Files\MiKTeX 2.9\tex\latex\amsfonts\umsa.fd"
File: umsa.fd 2013/01/14 v3.01 AMS symbols A
)
LaTeX Font Info:    Try loading font information for U+msb on input line 26.

("C:\Program Files\MiKTeX 2.9\tex\latex\amsfonts\umsb.fd"
File: umsb.fd 2013/01/14 v3.01 AMS symbols B
) [1

{C:/Users/janru/AppData/Local/MiKTeX/2.9/pdftex/config/pdftex.map}]
<er_network_example.png, id=122, 484.209pt x 483.75731pt>
File: er_network_example.png Graphic file (type png)
<use er_network_example.png>
Package pdftex.def Info: er_network_example.png  used on input line 67.
(pdftex.def)             Requested size: 271.7835pt x 271.53705pt.
 [2 <./er_network_example.png>]
LaTeX Font Info:    Try loading font information for OMS+cmr on input line 81.
 ("C:\Program Files\MiKTeX 2.9\tex\latex\base\omscmr.fd"
File: omscmr.fd 2014/09/29 v2.5h Standard LaTeX font definitions
)
LaTeX Font Info:    Font shape `OMS/cmr/m/n' in size <10.95> not available
(Font)              Font shape `OMS/cmsy/m/n' tried instead on input line 81.
 [3]
Overfull \hbox (7.9529pt too wide) in paragraph at lines 104--105
\OT1/cmtt/m/n/10.95 repetitions$[] \OT1/cmr/m/n/10.95 = 24$ per $(\OML/cmm/m/it
/10.95 ; []; []\OT1/cmr/m/n/10.95 )$ and a uni-form stepped sweep of \OT1/cmtt
/m/n/10.95 infection-prob
 []

<fig_grp_sis_process_schematics.png, id=147, 733.32794pt x 493.56158pt>
File: fig_grp_sis_process_schematics.png Graphic file (type png)
<use fig_grp_sis_process_schematics.png>
Package pdftex.def Info: fig_grp_sis_process_schematics.png  used on input line
 119.
(pdftex.def)             Requested size: 443.9066pt x 298.7676pt.

Overfull \hbox (16.81375pt too wide) in paragraph at lines 125--126
[]\OT1/cmr/m/n/10.95 Each in-fected agent draws an in-te-ger re-cov-ery dead-li
ne $\OML/cmm/m/it/10.95 W \OMS/cmsy/m/n/10.95  \OT1/cmr/m/n/10.95 1$ (ticks) f
rom \OT1/cmtt/m/n/10.95 draw-recovery-time
 []

[4] [5 <./fig_grp_sis_process_schematics.png>]
<fig_er_survival_vs_beta.png, id=171, 614.295pt x 361.35pt>
File: fig_er_survival_vs_beta.png Graphic file (type png)
<use fig_er_survival_vs_beta.png>
Package pdftex.def Info: fig_er_survival_vs_beta.png  used on input line 158.
(pdftex.def)             Requested size: 385.02547pt x 226.4883pt.
<fig_er_late_prevalence_vs_beta.png, id=173, 614.295pt x 361.35pt>
File: fig_er_late_prevalence_vs_beta.png Graphic file (type png)
<use fig_er_late_prevalence_vs_beta.png>
Package pdftex.def Info: fig_er_late_prevalence_vs_beta.png  used on input line
 169.
(pdftex.def)             Requested size: 385.02547pt x 226.4883pt.
 [6] [7 <./fig_er_survival_vs_beta.png> <./fig_er_late_prevalence_vs_beta.png>]
<fig_er_threshold_ratio_by_seed.png, id=198, 505.89pt x 325.215pt>
File: fig_er_threshold_ratio_by_seed.png Graphic file (type png)
<use fig_er_threshold_ratio_by_seed.png>
Package pdftex.def Info: fig_er_threshold_ratio_by_seed.png  used on input line
 228.
(pdftex.def)             Requested size: 452.9679pt x 291.19711pt.
<fig_er_extinct_median_vs_beta_by_seed.png, id=199, 1120.185pt x 361.80168pt>
File: fig_er_extinct_median_vs_beta_by_seed.png Graphic file (type png)
<use fig_er_extinct_median_vs_beta_by_seed.png>
Package pdftex.def Info: fig_er_extinct_median_vs_beta_by_seed.png  used on inp
ut line 235.
(pdftex.def)             Requested size: 452.9679pt x 146.30252pt.
<fig_er_extinct_tick_violin_by_beta.png, id=200, 643.203pt x 616.10175pt>
File: fig_er_extinct_tick_violin_by_beta.png Graphic file (type png)
<use fig_er_extinct_tick_violin_by_beta.png>
Package pdftex.def Info: fig_er_extinct_tick_violin_by_beta.png  used on input 
line 242.
(pdftex.def)             Requested size: 416.72963pt x 399.17346pt.
<fig_er_prevalence_trajectory_bands.png, id=203, 1163.0953pt x 385.74112pt>
File: fig_er_prevalence_trajectory_bands.png Graphic file (type png)
<use fig_er_prevalence_trajectory_bands.png>
Package pdftex.def Info: fig_er_prevalence_trajectory_bands.png  used on input 
line 254.
(pdftex.def)             Requested size: 452.9679pt x 150.22653pt.
 [8] [9 <./fig_er_threshold_ratio_by_seed.png> <./fig_er_extinct_median_vs_beta
_by_seed.png>] [10 <./fig_er_extinct_tick_violin_by_beta.png>] [11 <./fig_er_pr
evalence_trajectory_bands.png>]
[12] [13] [14

]
Underfull \hbox (badness 10000) in paragraph at lines 407--408
[]\OT1/cmr/bx/n/10.95 Key con-trolled set-tings (re-ported be-low)\OT1/cmr/m/n/
10.95 : net-work spec-i-fi-ca-tion
 []


Underfull \hbox (badness 3557) in paragraph at lines 407--408
\OT1/cmr/m/n/10.95 (\OT1/cmtt/m/n/10.95 interconnection-structure\OT1/cmr/m/n/1
0.95 , \OT1/cmtt/m/n/10.95 network-type\OT1/cmr/m/n/10.95 , \OT1/cmtt/m/n/10.95
 expt-seed\OT1/cmr/m/n/10.95 , \OT1/cmtt/m/n/10.95 num-nodes\OT1/cmr/m/n/10.95 
, \OT1/cmtt/m/n/10.95 avg-degree\OT1/cmr/m/n/10.95 ),
 []

LaTeX Font Info:    Font shape `OT1/cmtt/bx/n' in size <10.95> not available
(Font)              Font shape `OT1/cmtt/m/n' tried instead on input line 412.

Underfull \hbox (badness 10000) in paragraph at lines 434--435
[]\OT1/cmr/bx/n/10.95 Metrics\OT1/cmr/m/n/10.95 : \OT1/cmtt/m/n/10.95 bs-out-ex
tinct\OT1/cmr/m/n/10.95 , \OT1/cmtt/m/n/10.95 bs-out-final-tick\OT1/cmr/m/n/10.
95 , \OT1/cmtt/m/n/10.95 bs-out-late-mean-prevalence\OT1/cmr/m/n/10.95 ,
 []


Underfull \hbox (badness 2932) in paragraph at lines 435--436
[]\OT1/cmr/bx/n/10.95 Constants and sweeps\OT1/cmr/m/n/10.95 : \OT1/cmtt/m/n/10
.95 interconnection-structure $\OMS/cmsy/m/n/10.95 2$ f\OT1/cmtt/m/n/10.95 "Lat
tice4"\OT1/cmr/m/n/10.95 , \OT1/cmtt/m/n/10.95 "Ring"\OMS/cmsy/m/n/10.95 g\OT1/
cmr/m/n/10.95 ;
 []


Underfull \hbox (badness 10000) in paragraph at lines 435--436
\OT1/cmtt/m/n/10.95 expt-seed$\OT1/cmr/m/n/10.95 =$1001; \OT1/cmtt/m/n/10.95 nu
m-nodes$\OT1/cmr/m/n/10.95 =$200; \OT1/cmtt/m/n/10.95 avg-degree$\OT1/cmr/m/n/1
0.95 =$6; \OT1/cmtt/m/n/10.95 initial-infected$\OT1/cmr/m/n/10.95 =$5;
 []


Underfull \hbox (badness 1281) in paragraph at lines 435--436
\OT1/cmtt/m/n/10.95 recovery-mean$\OT1/cmr/m/n/10.95 =$5; \OT1/cmtt/m/n/10.95 m
ax-ticks$\OT1/cmr/m/n/10.95 =$3000; stepped \OT1/cmtt/m/n/10.95 infection-prob 
\OT1/cmr/m/n/10.95 from 0.02 to 0.56 in
 []

[15]
Underfull \hbox (badness 2547) in paragraph at lines 443--444
[]\OT1/cmr/bx/n/10.95 Constants and sweeps\OT1/cmr/m/n/10.95 : same as ex-per-i
-ment 02, with the ad-di-tional con-stant
 []


Underfull \hbox (badness 2547) in paragraph at lines 451--452
[]\OT1/cmr/bx/n/10.95 Constants and sweeps\OT1/cmr/m/n/10.95 : same as ex-per-i
-ment 02, with the ad-di-tional con-stant
 []


Underfull \hbox (badness 10000) in paragraph at lines 458--459
[]\OT1/cmr/bx/n/10.95 Network\OT1/cmr/m/n/10.95 : \OT1/cmtt/m/n/10.95 interconn
ection-structure="other"\OT1/cmr/m/n/10.95 , \OT1/cmtt/m/n/10.95 network-type="
Erdos-Renyi
 []


Underfull \hbox (badness 10000) in paragraph at lines 461--462
[]\OT1/cmr/bx/n/10.95 Metrics\OT1/cmr/m/n/10.95 : \OT1/cmtt/m/n/10.95 bs-out-ex
tinct\OT1/cmr/m/n/10.95 , \OT1/cmtt/m/n/10.95 bs-out-final-tick\OT1/cmr/m/n/10.
95 , \OT1/cmtt/m/n/10.95 bs-out-late-mean-prevalence\OT1/cmr/m/n/10.95 ,
 []


Underfull \hbox (badness 10000) in paragraph at lines 468--469
[]\OT1/cmr/bx/n/10.95 Recovery law\OT1/cmr/m/n/10.95 : \OT1/cmtt/m/n/10.95 "pow
er law (Tang)" \OT1/cmr/m/n/10.95 with \OT1/cmtt/m/n/10.95 recovery-mean$\OT1/c
mr/m/n/10.95 =$5 and
 []

[16]
Underfull \hbox (badness 7030) in paragraph at lines 489--490
[]\OT1/cmr/bx/n/10.95 Metrics\OT1/cmr/m/n/10.95 : \OT1/cmtt/m/n/10.95 bs-out-pr
ev-grp\OT1/cmr/m/n/10.95 , \OT1/cmtt/m/n/10.95 bs-out-prev-mf\OT1/cmr/m/n/10.95
 , \OT1/cmtt/m/n/10.95 bs-out-count-S\OT1/cmr/m/n/10.95 , \OT1/cmtt/m/n/10.95 b
s-out-count-I\OT1/cmr/m/n/10.95 ,
 []

Package atveryend Info: Empty hook `BeforeClearDocument' on input line 492.
[17]
Package atveryend Info: Empty hook `AfterLastShipout' on input line 492.
 (report.aux)
Package atveryend Info: Executing hook `AtVeryEndDocument' on input line 492.
Package atveryend Info: Executing hook `AtEndAfterFileList' on input line 492.
Package rerunfilecheck Info: File `report.out' has not changed.
(rerunfilecheck)             Checksum: 3758B58AC2E2008F051901F7B5CE15C9;1718.
Package atveryend Info: Empty hook `AtVeryVeryEnd' on input line 492.
 ) 
Here is how much of TeX's memory you used:
 7081 strings out of 492973
 102731 string characters out of 3135933
 208948 words of memory out of 3000000
 10766 multiletter control sequences out of 15000+200000
 16613 words of font info for 65 fonts, out of 3000000 for 9000
 1141 hyphenation exceptions out of 8191
 28i,12n,32p,1732b,442s stack positions out of 5000i,500n,10000p,200000b,50000s
<C:/Program Files/MiKTeX 2.9/fonts/type1/public/amsfonts/cm/cmbx10.pfb><C:/Pr
ogram Files/MiKTeX 2.9/fonts/type1/public/amsfonts/cm/cmbx12.pfb><C:/Program Fi
les/MiKTeX 2.9/fonts/type1/public/amsfonts/cm/cmmi10.pfb><C:/Program Files/MiKT
eX 2.9/fonts/type1/public/amsfonts/cm/cmmi12.pfb><C:/Program Files/MiKTeX 2.9/f
onts/type1/public/amsfonts/cm/cmmi7.pfb><C:/Program Files/MiKTeX 2.9/fonts/type
1/public/amsfonts/cm/cmmi8.pfb><C:/Program Files/MiKTeX 2.9/fonts/type1/public/
amsfonts/cm/cmmi9.pfb><C:/Program Files/MiKTeX 2.9/fonts/type1/public/amsfonts/
cm/cmr10.pfb><C:/Program Files/MiKTeX 2.9/fonts/type1/public/amsfonts/cm/cmr12.
pfb><C:/Program Files/MiKTeX 2.9/fonts/type1/public/amsfonts/cm/cmr17.pfb><C:/P
rogram Files/MiKTeX 2.9/fonts/type1/public/amsfonts/cm/cmr6.pfb><C:/Program Fil
es/MiKTeX 2.9/fonts/type1/public/amsfonts/cm/cmr7.pfb><C:/Program Files/MiKTeX 
2.9/fonts/type1/public/amsfonts/cm/cmr8.pfb><C:/Program Files/MiKTeX 2.9/fonts/
type1/public/amsfonts/cm/cmr9.pfb><C:/Program Files/MiKTeX 2.9/fonts/type1/publ
ic/amsfonts/cm/cmsy10.pfb><C:/Program Files/MiKTeX 2.9/fonts/type1/public/amsfo
nts/cm/cmsy8.pfb><C:/Program Files/MiKTeX 2.9/fonts/type1/public/amsfonts/cm/cm
sy9.pfb><C:/Program Files/MiKTeX 2.9/fonts/type1/public/amsfonts/cm/cmti10.pfb>
<C:/Program Files/MiKTeX 2.9/fonts/type1/public/amsfonts/cm/cmti9.pfb><C:/Progr
am Files/MiKTeX 2.9/fonts/type1/public/amsfonts/cm/cmtt10.pfb><C:/Program Files
/MiKTeX 2.9/fonts/type1/public/amsfonts/symbols/msbm10.pfb>
Output written on report.pdf (17 pages, 1231631 bytes).
PDF statistics:
 395 PDF objects out of 1000 (max. 8388607)
 89 named destinations out of 1000 (max. 500000)
 217 words of extra memory for PDF output out of 10000 (max. 10000000)

